$0100 : nnn      : 1 bytes : C:\Users\Абай\Desktop\Диплом\Абай\DHT\MPT.alp
$0101 : palkan   : 1 bytes : C:\Users\Абай\Desktop\Диплом\Абай\DHT\MPT.alp
$0102 : palkan1  : 1 bytes : C:\Users\Абай\Desktop\Диплом\Абай\DHT\MPT.alp
$0103 : n        : 1 bytes : C:\Users\Абай\Desktop\Диплом\Абай\DHT\MPT.alp
$0104 : nn       : 1 bytes : C:\Users\Абай\Desktop\Диплом\Абай\DHT\MPT.alp
$0105 : f        : 1 bytes : C:\Users\Абай\Desktop\Диплом\Абай\DHT\MPT.alp
$0106 : M        : 1 bytes : C:\Users\Абай\Desktop\Диплом\Абай\DHT\MPT.alp
$0107 : wire_reg : 1 bytes : C:\Users\Абай\Desktop\Диплом\Абай\DHT\MPT.alp
$0108 : lcd      : 1 bytes : C:\Users\Абай\Desktop\Диплом\Абай\DHT\MPT.alp
$0109 : byte1    : 1 bytes : C:\Users\Абай\Desktop\Диплом\Абай\DHT\MPT.alp
$010A : byte2    : 1 bytes : C:\Users\Абай\Desktop\Диплом\Абай\DHT\MPT.alp
$010B : byte3    : 1 bytes : C:\Users\Абай\Desktop\Диплом\Абай\DHT\MPT.alp
$010C : byte4    : 1 bytes : C:\Users\Абай\Desktop\Диплом\Абай\DHT\MPT.alp
$010D : byte5    : 1 bytes : C:\Users\Абай\Desktop\Диплом\Абай\DHT\MPT.alp
$010E : Rhed     : 1 bytes : C:\Users\Абай\Desktop\Диплом\Абай\DHT\MPT.alp
$010F : Rhedt    : 1 bytes : C:\Users\Абай\Desktop\Диплом\Абай\DHT\MPT.alp
$0110 : Rhdec    : 1 bytes : C:\Users\Абай\Desktop\Диплом\Абай\DHT\MPT.alp
$0111 : Rhdect   : 1 bytes : C:\Users\Абай\Desktop\Диплом\Абай\DHT\MPT.alp
$0112 : Rhsot    : 1 bytes : C:\Users\Абай\Desktop\Диплом\Абай\DHT\MPT.alp
$0113 : Rh       : 1 bytes : C:\Users\Абай\Desktop\Диплом\Абай\DHT\MPT.alp
$0114 : Rht      : 1 bytes : C:\Users\Абай\Desktop\Диплом\Абай\DHT\MPT.alp
$0115 : VV       : 1 bytes : C:\Users\Абай\Desktop\Диплом\Абай\DHT\MPT.alp
$0116 : fred     : 1 bytes : C:\Users\Абай\Desktop\Диплом\Абай\DHT\MPT.alp
