$0100 : palkan   : 1 bytes : C:\Users\Абай\Desktop\ТПУ\Торгаев\Курсач\Программа\Double_DHT\Dounle_DHT.alp
$0101 : palkan1  : 1 bytes : C:\Users\Абай\Desktop\ТПУ\Торгаев\Курсач\Программа\Double_DHT\Dounle_DHT.alp
$0102 : nnn      : 1 bytes : C:\Users\Абай\Desktop\ТПУ\Торгаев\Курсач\Программа\Double_DHT\Dounle_DHT.alp
$0103 : nn       : 1 bytes : C:\Users\Абай\Desktop\ТПУ\Торгаев\Курсач\Программа\Double_DHT\Dounle_DHT.alp
$0104 : wire_reg : 1 bytes : C:\Users\Абай\Desktop\ТПУ\Торгаев\Курсач\Программа\Double_DHT\Dounle_DHT.alp
$0105 : byte1    : 1 bytes : C:\Users\Абай\Desktop\ТПУ\Торгаев\Курсач\Программа\Double_DHT\Dounle_DHT.alp
$0106 : byte2    : 1 bytes : C:\Users\Абай\Desktop\ТПУ\Торгаев\Курсач\Программа\Double_DHT\Dounle_DHT.alp
$0107 : byte3    : 1 bytes : C:\Users\Абай\Desktop\ТПУ\Торгаев\Курсач\Программа\Double_DHT\Dounle_DHT.alp
$0108 : byte4    : 1 bytes : C:\Users\Абай\Desktop\ТПУ\Торгаев\Курсач\Программа\Double_DHT\Dounle_DHT.alp
$0109 : byte5    : 1 bytes : C:\Users\Абай\Desktop\ТПУ\Торгаев\Курсач\Программа\Double_DHT\Dounle_DHT.alp
$010A : Rhed     : 1 bytes : C:\Users\Абай\Desktop\ТПУ\Торгаев\Курсач\Программа\Double_DHT\Dounle_DHT.alp
$010B : Rhdec    : 1 bytes : C:\Users\Абай\Desktop\ТПУ\Торгаев\Курсач\Программа\Double_DHT\Dounle_DHT.alp
$010C : Rh       : 1 bytes : C:\Users\Абай\Desktop\ТПУ\Торгаев\Курсач\Программа\Double_DHT\Dounle_DHT.alp
